0 1 256 0 --> MISS
0 1 258 0 --> HIT
0 1 260 0 --> HIT
0 1 262 0 --> HIT
0 1 264 0 --> MISS
0 1 266 0 --> HIT
