0 1 4096 0 --> MISS
0 1 8192 0 --> MISS
0 1 12288 0 --> MISS
0 1 16384 0 --> MISS
