0 1 0 0 --> MISS
0 1 2 0 --> HIT
0 1 4 0 --> HIT
0 1 6 0 --> HIT
0 1 2048 0 --> MISS (eviction)
0 1 2050 0 --> HIT
0 1 2052 0 --> HIT
0 1 2054 0 --> HIT
